[    3169ms] [LOG] %c
▲

__  __                                     _            __
\ \/ /___  __  __   _________ _____       (_)_  _______/ /_
 \  / __ \/ / / /  / ___/ __ `/ __ \     / / / / / ___/ __/
 / / /_/ / /_/ /  / /__/ /_/ / / / /    / / /_/ (__  ) /_
/_/\____/\__,_/   \___/\__,_/_/ /_/  __/ /\__,_/____/\__/
         __    _          __  __    /___/
   _____/ /_  (_)___     / /_/ /_  (_)___  ____ ______
  / ___/ __ \/ / __ \   / __/ __ \/ / __ \/ __ `/ ___/
 (__  ) / / / / /_/ /  / /_/ / / / / / / / /_/ (__  )
/____/_/ /_/_/ .___/   \__/_/ /_/_/_/ /_/\__, /____/
            /_/                         /____/
  

Hello!

- Open Source https://vercel.com/oss
- Careers https://vercel.com/careers
- Status https://vercel-status.com

 font-family: "Geist Mono", monospace; white-space: pre; line-height: 1; @ https://vercel.com/_next/static/immutable/chunks/1pkfg1j08d74q.js:78
[    3849ms] [WARNING] Deprecated API for given entry type. @ https://vercel.com/_next/static/immutable/chunks/1jx08663gcloz.js:18
[    3956ms] [ERROR] Failed to load resource: the server responded with a status of 403 () @ https://vercel.com/api/jwt:0
[    3976ms] [WARNING] [GSI_LOGGER]: Your client application uses one of the Google One Tap prompt UI status methods that may stop functioning when FedCM becomes mandatory. Refer to the migration guide to update your code accordingly and opt-in to FedCM to test your changes. Learn more: https://developers.google.com/identity/gsi/web/guides/fedcm-migration?s=dc#display_moment and https://developers.google.com/identity/gsi/web/guides/fedcm-migration?s=dc#skipped_moment @ https://vercel.com/_next/static/immutable/chunks/1jx08663gcloz.js:16
[    3991ms] [ERROR] Not signed in with the identity provider. @ https://vercel.com/login?next=%2Fsso-api%3Furl%3Dhttps%253A%252F%252Fevalisdeck-rdy9sd5e0-docallfixs-projects.vercel.app%252F%253Fx-vercel-set-bypass-cookie%253Dtrue%2526x-vercel-protection-bypass%253D9mjw0ruWd5XJu9nyLdRO8t6P8HtT3ERv%26nonce%3Dbf617060ec360d785bf1ae0e82888cf80506b3b3031f66dda2ce3e4cbcd7612a:0
[    7545ms] [WARNING] The resource https://vercel.com/_next/static/immutable/chunks/2-xcxj5xhw7yx.css was preloaded using link preload but not used within a few seconds from the window's load event. Please make sure it has an appropriate `as` value and it is preloaded intentionally. @ https://vercel.com/login?next=%2Fsso-api%3Furl%3Dhttps%253A%252F%252Fevalisdeck-rdy9sd5e0-docallfixs-projects.vercel.app%252F%253Fx-vercel-set-bypass-cookie%253Dtrue%2526x-vercel-protection-bypass%253D9mjw0ruWd5XJu9nyLdRO8t6P8HtT3ERv%26nonce%3Dbf617060ec360d785bf1ae0e82888cf80506b3b3031f66dda2ce3e4cbcd7612a:0
[    7545ms] [WARNING] The resource https://vercel.com/_next/static/immutable/chunks/3flhcz7cw314y.css was preloaded using link preload but not used within a few seconds from the window's load event. Please make sure it has an appropriate `as` value and it is preloaded intentionally. @ https://vercel.com/login?next=%2Fsso-api%3Furl%3Dhttps%253A%252F%252Fevalisdeck-rdy9sd5e0-docallfixs-projects.vercel.app%252F%253Fx-vercel-set-bypass-cookie%253Dtrue%2526x-vercel-protection-bypass%253D9mjw0ruWd5XJu9nyLdRO8t6P8HtT3ERv%26nonce%3Dbf617060ec360d785bf1ae0e82888cf80506b3b3031f66dda2ce3e4cbcd7612a:0
[    9826ms] [ERROR] [GSI_LOGGER]: FedCM get() rejects with NetworkError: Error retrieving a token. @ https://vercel.com/_next/static/immutable/chunks/1zm_hzyzndcx9.js:8
[    9874ms] [ERROR] Failed to load resource: the server responded with a status of 429 () @ https://o205439.ingest.sentry.io/api/1323670/envelope/?sentry_key=d00780d432ac4ccf882f60dd02062e14&sentry_version=7&sentry_client=sentry.javascript.browser%2F7.111.0:0
[   12946ms] [WARNING] The resource https://vercel.com/_next/static/immutable/chunks/2-xcxj5xhw7yx.css was preloaded using link preload but not used within a few seconds from the window's load event. Please make sure it has an appropriate `as` value and it is preloaded intentionally. @ https://vercel.com/login?next=%2Fsso-api%3Furl%3Dhttps%253A%252F%252Fevalisdeck-rdy9sd5e0-docallfixs-projects.vercel.app%252F%253Fx-vercel-set-bypass-cookie%253Dtrue%2526x-vercel-protection-bypass%253D9mjw0ruWd5XJu9nyLdRO8t6P8HtT3ERv%26nonce%3Dbf617060ec360d785bf1ae0e82888cf80506b3b3031f66dda2ce3e4cbcd7612a:0
[   12946ms] [WARNING] The resource https://vercel.com/_next/static/immutable/chunks/3flhcz7cw314y.css was preloaded using link preload but not used within a few seconds from the window's load event. Please make sure it has an appropriate `as` value and it is preloaded intentionally. @ https://vercel.com/login?next=%2Fsso-api%3Furl%3Dhttps%253A%252F%252Fevalisdeck-rdy9sd5e0-docallfixs-projects.vercel.app%252F%253Fx-vercel-set-bypass-cookie%253Dtrue%2526x-vercel-protection-bypass%253D9mjw0ruWd5XJu9nyLdRO8t6P8HtT3ERv%26nonce%3Dbf617060ec360d785bf1ae0e82888cf80506b3b3031f66dda2ce3e4cbcd7612a:0
[   33545ms] [LOG] %c
▲

__  __                                     _            __
\ \/ /___  __  __   _________ _____       (_)_  _______/ /_
 \  / __ \/ / / /  / ___/ __ `/ __ \     / / / / / ___/ __/
 / / /_/ / /_/ /  / /__/ /_/ / / / /    / / /_/ (__  ) /_
/_/\____/\__,_/   \___/\__,_/_/ /_/  __/ /\__,_/____/\__/
         __    _          __  __    /___/
   _____/ /_  (_)___     / /_/ /_  (_)___  ____ ______
  / ___/ __ \/ / __ \   / __/ __ \/ / __ \/ __ `/ ___/
 (__  ) / / / / /_/ /  / /_/ / / / / / / / /_/ (__  )
/____/_/ /_/_/ .___/   \__/_/ /_/_/_/ /_/\__, /____/
            /_/                         /____/
  

Hello!

- Open Source https://vercel.com/oss
- Careers https://vercel.com/careers
- Status https://vercel-status.com

 font-family: "Geist Mono", monospace; white-space: pre; line-height: 1; @ https://vercel.com/_next/static/immutable/chunks/1pkfg1j08d74q.js:78
[   35993ms] [WARNING] [GSI_LOGGER]: Your client application uses one of the Google One Tap prompt UI status methods that may stop functioning when FedCM becomes mandatory. Refer to the migration guide to update your code accordingly and opt-in to FedCM to test your changes. Learn more: https://developers.google.com/identity/gsi/web/guides/fedcm-migration?s=dc#display_moment and https://developers.google.com/identity/gsi/web/guides/fedcm-migration?s=dc#skipped_moment @ https://accounts.google.com/gsi/client:86
[   35998ms] [ERROR] Not signed in with the identity provider. @ https://vercel.com/login?next=%2Fsso-api%3Furl%3Dhttps%253A%252F%252Fevalisdeck-rdy9sd5e0-docallfixs-projects.vercel.app%252F%26nonce%3Dbf617060ec360d785bf1ae0e82888cf80506b3b3031f66dda2ce3e4cbcd7612a:0
[   36164ms] [ERROR] Failed to load resource: the server responded with a status of 403 () @ https://vercel.com/api/jwt:0
[   36190ms] [WARNING] Deprecated API for given entry type. @ https://vercel.com/_next/static/immutable/chunks/1jx08663gcloz.js:18
[   36225ms] [ERROR] Access to fetch at 'https://o205439.ingest.sentry.io/api/1323670/envelope/?sentry_key=d00780d432ac4ccf882f60dd02062e14&sentry_version=7&sentry_client=sentry.javascript.browser%2F7.111.0' from origin 'https://vercel.com' has been blocked by CORS policy: Request header field x-vercel-protection-bypass is not allowed by Access-Control-Allow-Headers in preflight response. @ https://vercel.com/login?next=%2Fsso-api%3Furl%3Dhttps%253A%252F%252Fevalisdeck-rdy9sd5e0-docallfixs-projects.vercel.app%252F%26nonce%3Dbf617060ec360d785bf1ae0e82888cf80506b3b3031f66dda2ce3e4cbcd7612a:0
[   36225ms] [ERROR] Failed to load resource: net::ERR_FAILED @ https://o205439.ingest.sentry.io/api/1323670/envelope/?sentry_key=d00780d432ac4ccf882f60dd02062e14&sentry_version=7&sentry_client=sentry.javascript.browser%2F7.111.0:0
[   39399ms] [WARNING] The resource https://vercel.com/_next/static/immutable/chunks/2-xcxj5xhw7yx.css was preloaded using link preload but not used within a few seconds from the window's load event. Please make sure it has an appropriate `as` value and it is preloaded intentionally. @ https://vercel.com/login?next=%2Fsso-api%3Furl%3Dhttps%253A%252F%252Fevalisdeck-rdy9sd5e0-docallfixs-projects.vercel.app%252F%26nonce%3Dbf617060ec360d785bf1ae0e82888cf80506b3b3031f66dda2ce3e4cbcd7612a:0
[   39399ms] [WARNING] The resource https://vercel.com/_next/static/immutable/chunks/3flhcz7cw314y.css was preloaded using link preload but not used within a few seconds from the window's load event. Please make sure it has an appropriate `as` value and it is preloaded intentionally. @ https://vercel.com/login?next=%2Fsso-api%3Furl%3Dhttps%253A%252F%252Fevalisdeck-rdy9sd5e0-docallfixs-projects.vercel.app%252F%26nonce%3Dbf617060ec360d785bf1ae0e82888cf80506b3b3031f66dda2ce3e4cbcd7612a:0
[   41309ms] [ERROR] [GSI_LOGGER]: FedCM get() rejects with NetworkError: Error retrieving a token. @ https://vercel.com/_next/static/immutable/chunks/1zm_hzyzndcx9.js:8
[   41350ms] [ERROR] Access to fetch at 'https://o205439.ingest.sentry.io/api/1323670/envelope/?sentry_key=d00780d432ac4ccf882f60dd02062e14&sentry_version=7&sentry_client=sentry.javascript.browser%2F7.111.0' from origin 'https://vercel.com' has been blocked by CORS policy: Request header field x-vercel-protection-bypass is not allowed by Access-Control-Allow-Headers in preflight response. @ https://vercel.com/login?next=%2Fsso-api%3Furl%3Dhttps%253A%252F%252Fevalisdeck-rdy9sd5e0-docallfixs-projects.vercel.app%252F%26nonce%3Dbf617060ec360d785bf1ae0e82888cf80506b3b3031f66dda2ce3e4cbcd7612a:0
[   41350ms] [ERROR] Failed to load resource: net::ERR_FAILED @ https://o205439.ingest.sentry.io/api/1323670/envelope/?sentry_key=d00780d432ac4ccf882f60dd02062e14&sentry_version=7&sentry_client=sentry.javascript.browser%2F7.111.0:0
[   41351ms] [ERROR] Access to fetch at 'https://o205439.ingest.sentry.io/api/1323670/envelope/?sentry_key=d00780d432ac4ccf882f60dd02062e14&sentry_version=7&sentry_client=sentry.javascript.browser%2F7.111.0' from origin 'https://vercel.com' has been blocked by CORS policy: Request header field x-vercel-protection-bypass is not allowed by Access-Control-Allow-Headers in preflight response. @ https://vercel.com/login?next=%2Fsso-api%3Furl%3Dhttps%253A%252F%252Fevalisdeck-rdy9sd5e0-docallfixs-projects.vercel.app%252F%26nonce%3Dbf617060ec360d785bf1ae0e82888cf80506b3b3031f66dda2ce3e4cbcd7612a:0
[   41351ms] [ERROR] Failed to load resource: net::ERR_FAILED @ https://o205439.ingest.sentry.io/api/1323670/envelope/?sentry_key=d00780d432ac4ccf882f60dd02062e14&sentry_version=7&sentry_client=sentry.javascript.browser%2F7.111.0:0
[   44352ms] [WARNING] The resource https://vercel.com/_next/static/immutable/chunks/2-xcxj5xhw7yx.css was preloaded using link preload but not used within a few seconds from the window's load event. Please make sure it has an appropriate `as` value and it is preloaded intentionally. @ https://vercel.com/login?next=%2Fsso-api%3Furl%3Dhttps%253A%252F%252Fevalisdeck-rdy9sd5e0-docallfixs-projects.vercel.app%252F%26nonce%3Dbf617060ec360d785bf1ae0e82888cf80506b3b3031f66dda2ce3e4cbcd7612a:0
[   44352ms] [WARNING] The resource https://vercel.com/_next/static/immutable/chunks/3flhcz7cw314y.css was preloaded using link preload but not used within a few seconds from the window's load event. Please make sure it has an appropriate `as` value and it is preloaded intentionally. @ https://vercel.com/login?next=%2Fsso-api%3Furl%3Dhttps%253A%252F%252Fevalisdeck-rdy9sd5e0-docallfixs-projects.vercel.app%252F%26nonce%3Dbf617060ec360d785bf1ae0e82888cf80506b3b3031f66dda2ce3e4cbcd7612a:0
